// Jest Snapshot v1, https://goo.gl/fbAQLP

exports[`SearchSkeleton unit test should render skeleton ok 1`] = `
<DocumentFragment>
  <section
    class="search_skeleton__container"
    id="search-skeleton"
  >
    <span
      class="search_box"
    >
      <label
        aria-label="Filter over all the 100 best podcasts on itunes."
        class="search_box__label"
        for="search_box"
        style="color: rgb(170, 170, 170); background-color: rgb(255, 255, 255); transition: filter .11s ease-in-out;"
      >
        100
      </label>
      <input
        class="search_box__input"
        data-testid="search_box"
        id="search_box"
        name="search_box"
        placeholder=""
        style="color: rgb(170, 170, 170); transition: filter .11s ease-in-out;"
        type="text"
        value=""
      />
    </span>
    <div>
      SongComponentMock
    </div>
    <div>
      SongComponentMock
    </div>
    <div>
      SongComponentMock
    </div>
    <div>
      SongComponentMock
    </div>
    <div>
      SongComponentMock
    </div>
    <div>
      SongComponentMock
    </div>
    <div>
      SongComponentMock
    </div>
    <div>
      SongComponentMock
    </div>
    <div>
      SongComponentMock
    </div>
    <div>
      SongComponentMock
    </div>
    <div>
      SongComponentMock
    </div>
    <div>
      SongComponentMock
    </div>
    <div>
      SongComponentMock
    </div>
    <div>
      SongComponentMock
    </div>
    <div>
      SongComponentMock
    </div>
    <div>
      SongComponentMock
    </div>
    <div>
      SongComponentMock
    </div>
    <div>
      SongComponentMock
    </div>
    <div>
      SongComponentMock
    </div>
    <div>
      SongComponentMock
    </div>
    <div>
      SongComponentMock
    </div>
    <div>
      SongComponentMock
    </div>
    <div>
      SongComponentMock
    </div>
    <div>
      SongComponentMock
    </div>
    <div>
      SongComponentMock
    </div>
    <div>
      SongComponentMock
    </div>
  </section>
</DocumentFragment>
`;
