// Jest Snapshot v1, https://goo.gl/fbAQLP

exports[`PodcastDetailSkeleton unit test should render skeleton ok 1`] = `
<DocumentFragment>
  <aside
    class="podcast_detail__card"
  >
    <img
      alt="..."
      aria-label="Loading Podcast Detail"
      class="podcast_detail__picture"
      src=""
    />
    <hr
      class="podcast_detail__separator"
    />
    <h3
      class="podcast_detail__title"
    >
      ...
    </h3>
    <em
      class="podcast_detail__artist"
    >
      ...
    </em>
    <hr
      class="podcast_detail__separator"
    />
    <p
      class="podcast_detail__description"
    >
      <strong>
         
      </strong>
      <i>
         
      </i>
    </p>
  </aside>
</DocumentFragment>
`;
