// Jest Snapshot v1, https://goo.gl/fbAQLP

exports[`PodcastDetail unit tests should match snapshot 1`] = `
<DocumentFragment>
  <section
    class="podcast_detail"
  >
    <a
      href="/podcast/1234"
    >
      <aside
        class="podcast_detail__card"
      >
        <img
          alt="artistMock"
          aria-label="titleMock"
          class="podcast_detail__picture"
          loading="lazy"
          src="imageMock.jpg"
        />
        <hr
          class="podcast_detail__separator"
        />
        <h3
          class="podcast_detail__title"
        >
          titleMock
        </h3>
        <em
          class="podcast_detail__artist"
        >
          by artistMock
        </em>
        <hr
          class="podcast_detail__separator"
        />
        <p
          class="podcast_detail__description"
        >
          <strong
            class="podcast_detail__description_strong"
          >
            Description: 
          </strong>
          <i
            class="podcast_detail__description_empathized"
          >
            descriptionMock
          </i>
        </p>
      </aside>
    </a>
  </section>
</DocumentFragment>
`;
