// Jest Snapshot v1, https://goo.gl/fbAQLP

exports[`Search unit test should match snapshot when data is provided 1`] = `
<DocumentFragment>
  <section
    class="search__container"
    data-testid="search"
    id="search"
  >
    <div>
      SearchBox {"value":"","resultsCount":9}
    </div>
    <div>
      Channel{"podcastId":"1535809341","image":"https://is1-ssl.mzstatic.com/image/thumb/Podcasts113/v4/f2/21/fa/f221fabd-017f-5125-633b-f1fe4f39802a/mza_182995249085044287.jpg/170x170bb.png","artist":"The Joe Budden Network","title":"The Joe Budden Podcast"}
    </div>
    <div>
      Channel{"podcastId":"1574029840","image":"https://is5-ssl.mzstatic.com/image/thumb/Podcasts116/v4/5b/88/a1/5b88a186-ce6a-5268-cc49-8e896c737729/mza_7354436562524572096.jpg/170x170bb.png","artist":"Friday Night Karaoke","title":"Friday Night Karaoke"}
    </div>
    <div>
      Channel{"podcastId":"1678378239","image":"https://is2-ssl.mzstatic.com/image/thumb/Podcasts116/v4/f6/cf/66/f6cf66f5-8696-1903-f3b3-e95c507c8e9c/mza_5620205623101925377.jpg/170x170bb.png","artist":"Cadence13 and Parallel","title":"This Little Light"}
    </div>
    <div>
      Channel{"podcastId":"1096830182","image":"https://is2-ssl.mzstatic.com/image/thumb/Podcasts126/v4/1f/ad/c7/1fadc7d4-1e22-beaa-720a-2e2988dc1521/mza_16091018887573148747.jpg/170x170bb.png","artist":"Interval Presents","title":"Drink Champs"}
    </div>
    <div>
      Channel{"podcastId":"1635211340","image":"https://is1-ssl.mzstatic.com/image/thumb/Podcasts112/v4/f4/53/be/f453be7f-2a34-0617-7bc1-bc57d9b747fc/mza_6548891788110664288.jpg/170x170bb.png","artist":"The Ringer","title":"60 Songs That Explain the '90s"}
    </div>
    <div>
      Channel{"podcastId":"1460157002","image":"https://is2-ssl.mzstatic.com/image/thumb/Podcasts125/v4/7b/cf/f6/7bcff6bb-5f99-6c2f-c6c5-3a9799f3df21/mza_8544742664200824246.jpg/170x170bb.png","artist":"Barstool Sports","title":"Million Dollaz Worth Of Game"}
    </div>
    <div>
      Channel{"podcastId":"1572182022","image":"https://is4-ssl.mzstatic.com/image/thumb/Podcasts116/v4/92/65/c6/9265c6dd-7db1-8160-c97c-bef564d23610/mza_16535014723154009651.jpg/170x170bb.png","artist":"Rory Farrell & Jamil \\"Mal\\" Clay","title":"New Rory & MAL"}
    </div>
    <div>
      Channel{"podcastId":"1628914491","image":"https://is1-ssl.mzstatic.com/image/thumb/Podcasts116/v4/2f/6e/cf/2f6ecf54-c735-97f2-d871-d46e2e909f5f/mza_11130508551645291638.jpg/170x170bb.png","artist":"REVOLT","title":"Caresha Please"}
    </div>
    <div>
      Channel{"podcastId":"1311004083","image":"https://is4-ssl.mzstatic.com/image/thumb/Podcasts112/v4/7b/12/d5/7b12d5ec-7264-6693-8a8e-e6b414a783c3/mza_10388338206053029687.jpg/170x170bb.png","artist":"Pushkin Industries","title":"Broken Record with Rick Rubin, Malcolm Gladwell, Bruce Headlam and Justin Richmond"}
    </div>
  </section>
</DocumentFragment>
`;

exports[`Search unit test should match snapshot when isFetching shows skeleton 1`] = `
<DocumentFragment>
  <div>
    SearchSkeleton
  </div>
</DocumentFragment>
`;
